2015-10-26 13:28:10.627951 7f097fe85700 10 osd.1 pg_epoch: 24 pg[3.29( v 24'7 (0'0,24'7] local-les=24 n=1 ec=23 les/c 24/24 23/23/23) [1,2,0] r=0 lpr=23 luod=24'6 lua=24'6 crt=24'5 lcod 24'5 mlcod 24'5 active+clean] op_commit: 1583
2015-10-26 13:28:10.628025 7f0981688700 15 filestore(/var/lib/ceph/osd/ceph-1) _omap_setkeys 3.29_head/29//head//3
2015-10-26 13:28:10.628054 7f0981688700 10 filestore oid: 29//head//3 not skipping op, *spos 2323.0.0
2015-10-26 13:28:10.628055 7f0981688700 10 filestore  > header.spos 0.0.0
2015-10-26 13:28:10.628099 7f0981688700 15 filestore(/var/lib/ceph/osd/ceph-1) _omap_setkeys 3.29_head/29//head//3
2015-10-26 13:28:10.628108 7f0981688700 10 filestore oid: 29//head//3 not skipping op, *spos 2323.0.1
2015-10-26 13:28:10.628110 7f0981688700 10 filestore  > header.spos 0.0.0
2015-10-26 13:28:10.628125 7f0981688700 15 filestore(/var/lib/ceph/osd/ceph-1) _omap_setkeys 3.29_head/29//head//3
2015-10-26 13:28:10.628133 7f0981688700 10 filestore oid: 29//head//3 not skipping op, *spos 2323.0.2
2015-10-26 13:28:10.628134 7f0981688700 10 filestore  > header.spos 0.0.0
2015-10-26 13:28:10.628149 7f0981688700 15 filestore(/var/lib/ceph/osd/ceph-1) write 3.29_head/f3e3b1e9/t4.dat/head//3 25165824~4194304
2015-10-26 13:28:10.629957 7f0981688700 10 filestore(/var/lib/ceph/osd/ceph-1) write 3.29_head/f3e3b1e9/t4.dat/head//3 25165824~4194304 = 4194304
2015-10-26 13:28:10.630005 7f0981688700 15 filestore(/var/lib/ceph/osd/ceph-1) setattrs 3.29_head/f3e3b1e9/t4.dat/head//3
2015-10-26 13:28:10.630020 7f0981688700 10 filestore(/var/lib/ceph/osd/ceph-1) setattrs 3.29_head/f3e3b1e9/t4.dat/head//3 = 0
2015-10-26 13:28:10.630031 7f0981688700 15 filestore(/var/lib/ceph/osd/ceph-1) setattrs 3.29_head/f3e3b1e9/t4.dat/head//3
2015-10-26 13:28:10.630035 7f0981688700 10 filestore(/var/lib/ceph/osd/ceph-1) setattrs 3.29_head/f3e3b1e9/t4.dat/head//3 = 0
2015-10-26 13:28:10.630038 7f0981688700 10 filestore(/var/lib/ceph/osd/ceph-1) _do_op 0x7f09a11992a0 seq 2323 r = 0, finisher 0x7f09a118ef60 0x7f0993c61140
2015-10-26 13:28:10.630101 7f0981688700 10 filestore(/var/lib/ceph/osd/ceph-1) _finish_op 0x7f09a11992a0 seq 2323 osr(3.29 0x7f09a10d3c80)/0x7f09a10d3c80
2015-10-26 13:28:10.630114 7f0980686700 10 osd.1 pg_epoch: 24 pg[3.29( v 24'7 (0'0,24'7] local-les=24 n=1 ec=23 les/c 24/24 23/23/23) [1,2,0] r=0 lpr=23 luod=24'6 lua=24'6 crt=24'5 lcod 24'5 mlcod 24'5 active+clean] op_applied: 1583
2015-10-26 13:28:10.630132 7f0980686700 10 osd.1 pg_epoch: 24 pg[3.29( v 24'7 (0'0,24'7] local-les=24 n=1 ec=23 les/c 24/24 23/23/23) [1,2,0] r=0 lpr=23 luod=24'6 lua=24'6 crt=24'5 lcod 24'5 mlcod 24'5 active+clean] op_applied version 24'7
2015-10-26 13:28:10.632054 7f0969509700 10 osd.1 24 handle_replica_op osd_repop_reply(client.4135.0:7 3.29 ondisk, result = 0) v1 epoch 24
2015-10-26 13:28:10.632094 7f0970517700 10 osd.1 24 dequeue_op 0x7f0993c1b900 prio 196 cost 0 latency 0.000140 osd_repop_reply(client.4135.0:7 3.29 ondisk, result = 0) v1 pg pg[3.29( v 24'7 (0'0,24'7] local-les=24 n=1 ec=23 les/c 24/24 23/23/23) [1,2,0] r=0 lpr=23 luod=24'6 crt=24'5 lcod 24'5 mlcod 24'5 active+clean]
2015-10-26 13:28:10.632111 7f0970517700 10 osd.1 pg_epoch: 24 pg[3.29( v 24'7 (0'0,24'7] local-les=24 n=1 ec=23 les/c 24/24 23/23/23) [1,2,0] r=0 lpr=23 luod=24'6 crt=24'5 lcod 24'5 mlcod 24'5 active+clean] handle_message: 0x7f0993c1b900
2015-10-26 13:28:10.632123 7f0970517700  7 osd.1 pg_epoch: 24 pg[3.29( v 24'7 (0'0,24'7] local-les=24 n=1 ec=23 les/c 24/24 23/23/23) [1,2,0] r=0 lpr=23 luod=24'6 crt=24'5 lcod 24'5 mlcod 24'5 active+clean] sub_op_modify_reply: tid 1583 op  ack_type 4 from 2
2015-10-26 13:28:10.632138 7f0970517700 10 osd.1 24 dequeue_op 0x7f0993c1b900 finish
2015-10-26 13:28:10.697414 7f09680f5700 10 osd.1 24 handle_replica_op osd_repop_reply(client.4135.0:7 3.29 ondisk, result = 0) v1 epoch 24
2015-10-26 13:28:10.697476 7f0972d1c700 10 osd.1 24 dequeue_op 0x7f0993c1a600 prio 196 cost 0 latency 0.000216 osd_repop_reply(client.4135.0:7 3.29 ondisk, result = 0) v1 pg pg[3.29( v 24'7 (0'0,24'7] local-les=24 n=1 ec=23 les/c 24/24 23/23/23) [1,2,0] r=0 lpr=23 luod=24'6 crt=24'5 lcod 24'5 mlcod 24'5 active+clean]
2015-10-26 13:28:10.697500 7f0972d1c700 10 osd.1 pg_epoch: 24 pg[3.29( v 24'7 (0'0,24'7] local-les=24 n=1 ec=23 les/c 24/24 23/23/23) [1,2,0] r=0 lpr=23 luod=24'6 crt=24'5 lcod 24'5 mlcod 24'5 active+clean] handle_message: 0x7f0993c1a600
2015-10-26 13:28:10.697514 7f0972d1c700  7 osd.1 pg_epoch: 24 pg[3.29( v 24'7 (0'0,24'7] local-les=24 n=1 ec=23 les/c 24/24 23/23/23) [1,2,0] r=0 lpr=23 luod=24'6 crt=24'5 lcod 24'5 mlcod 24'5 active+clean] sub_op_modify_reply: tid 1583 op  ack_type 4 from 0
2015-10-26 13:28:10.697535 7f0972d1c700 10 osd.1 pg_epoch: 24 pg[3.29( v 24'7 (0'0,24'7] local-les=24 n=1 ec=23 les/c 24/24 23/23/23) [1,2,0] r=0 lpr=23 luod=24'6 crt=24'5 lcod 24'5 mlcod 24'5 active+clean] repop_all_applied: repop tid 1583 all applied 
2015-10-26 13:28:10.697543 7f0972d1c700 10 osd.1 pg_epoch: 24 pg[3.29( v 24'7 (0'0,24'7] local-les=24 n=1 ec=23 les/c 24/24 23/23/23) [1,2,0] r=0 lpr=23 luod=24'6 crt=24'5 lcod 24'5 mlcod 24'5 active+clean] eval_repop repgather(0x7f09942c8f00 24'7 rep_tid=1583 committed?=0 applied?=1 lock=0 op=osd_op(client.4135.0:7 t4.dat [write 25165824~4194304] 3.f3e3b1e9 ondisk+write+known_if_redirected e24) v5) wants=d
2015-10-26 13:28:10.697557 7f0972d1c700 10 osd.1 pg_epoch: 24 pg[3.29( v 24'7 (0'0,24'7] local-les=24 n=1 ec=23 les/c 24/24 23/23/23) [1,2,0] r=0 lpr=23 luod=24'6 crt=24'5 lcod 24'5 mlcod 24'5 active+clean] repop_all_committed: repop tid 1583 all committed 
2015-10-26 13:28:10.697563 7f0972d1c700 10 osd.1 pg_epoch: 24 pg[3.29( v 24'7 (0'0,24'7] local-les=24 n=1 ec=23 les/c 24/24 23/23/23) [1,2,0] r=0 lpr=23 crt=24'5 lcod 24'6 mlcod 24'5 active+clean] eval_repop repgather(0x7f09942c8f00 24'7 rep_tid=1583 committed?=1 applied?=1 lock=0 op=osd_op(client.4135.0:7 t4.dat [write 25165824~4194304] 3.f3e3b1e9 ondisk+write+known_if_redirected e24) v5) wants=d
2015-10-26 13:28:10.697595 7f0972d1c700 10 osd.1 pg_epoch: 24 pg[3.29( v 24'7 (0'0,24'7] local-les=24 n=1 ec=23 les/c 24/24 23/23/23) [1,2,0] r=0 lpr=23 crt=24'5 lcod 24'6 mlcod 24'5 active+clean]  sending commit on repgather(0x7f09942c8f00 24'7 rep_tid=1583 committed?=1 applied?=1 lock=0 op=osd_op(client.4135.0:7 t4.dat [write 25165824~4194304] 3.f3e3b1e9 ondisk+write+known_if_redirected e24) v5) 0x7f09a0e2bb80
2015-10-26 13:28:10.697646 7f0972d1c700 10 osd.1 pg_epoch: 24 pg[3.29( v 24'7 (0'0,24'7] local-les=24 n=1 ec=23 les/c 24/24 23/23/23) [1,2,0] r=0 lpr=23 crt=24'5 lcod 24'6 mlcod 24'6 active+clean]  removing repgather(0x7f09942c8f00 24'7 rep_tid=1583 committed?=1 applied?=1 lock=0 op=osd_op(client.4135.0:7 t4.dat [write 25165824~4194304] 3.f3e3b1e9 ondisk+write+known_if_redirected e24) v5)
2015-10-26 13:28:10.697705 7f0972d1c700 10 osd.1 24 dequeue_op 0x7f0993c1a600 finish
2015-10-26 13:28:10.708334 7f0970517700 10 osd.1 24 dequeue_op 0x7f0992d79c00 prio 63 cost 4194304 latency 0.005679 osd_op(client.4135.0:8 t4.dat [write 29360128~4194304] 3.f3e3b1e9 ondisk+write+known_if_redirected e24) v5 pg pg[3.29( v 24'7 (0'0,24'7] local-les=24 n=1 ec=23 les/c 24/24 23/23/23) [1,2,0] r=0 lpr=23 crt=24'5 lcod 24'6 mlcod 24'6 active+clean]
2015-10-26 13:28:10.708365 7f0970517700 10 osd.1 pg_epoch: 24 pg[3.29( v 24'7 (0'0,24'7] local-les=24 n=1 ec=23 les/c 24/24 23/23/23) [1,2,0] r=0 lpr=23 crt=24'5 lcod 24'6 mlcod 24'6 active+clean] handle_message: 0x7f0992d79c00
2015-10-26 13:28:10.708370 7f0970517700 10 osd.1 pg_epoch: 24 pg[3.29( v 24'7 (0'0,24'7] local-les=24 n=1 ec=23 les/c 24/24 23/23/23) [1,2,0] r=0 lpr=23 crt=24'5 lcod 24'6 mlcod 24'6 active+clean] do_op osd_op(client.4135.0:8 t4.dat [write 29360128~4194304] 3.f3e3b1e9 ondisk+write+known_if_redirected e24) v5 may_write -> write-ordered flags ondisk+write+known_if_redirected
2015-10-26 13:28:10.708385 7f0970517700 10 osd.1 pg_epoch: 24 pg[3.29( v 24'7 (0'0,24'7] local-les=24 n=1 ec=23 les/c 24/24 23/23/23) [1,2,0] r=0 lpr=23 crt=24'5 lcod 24'6 mlcod 24'6 active+clean] get_object_context: found obc in cache: 0x7f09a1183600
2015-10-26 13:28:10.708390 7f0970517700 10 osd.1 pg_epoch: 24 pg[3.29( v 24'7 (0'0,24'7] local-les=24 n=1 ec=23 les/c 24/24 23/23/23) [1,2,0] r=0 lpr=23 crt=24'5 lcod 24'6 mlcod 24'6 active+clean] get_object_context: 0x7f09a1183600 f3e3b1e9/t4.dat/head//3 rwstate(none n=0 w=0) oi: f3e3b1e9/t4.dat/head//3(24'7 client.4135.0:7 wrlock_by=unknown.0.0:0 dirty|omap_digest s 29360128 uv 7 od ffffffff) ssc: 0x7f0992d6fd10 snapset: 0=[]:[]+head
2015-10-26 13:28:10.708399 7f0970517700 10 osd.1 pg_epoch: 24 pg[3.29( v 24'7 (0'0,24'7] local-les=24 n=1 ec=23 les/c 24/24 23/23/23) [1,2,0] r=0 lpr=23 crt=24'5 lcod 24'6 mlcod 24'6 active+clean] find_object_context f3e3b1e9/t4.dat/head//3 @head oi=f3e3b1e9/t4.dat/head//3(24'7 client.4135.0:7 wrlock_by=unknown.0.0:0 dirty|omap_digest s 29360128 uv 7 od ffffffff)
2015-10-26 13:28:10.708412 7f0970517700 10 osd.1 pg_epoch: 24 pg[3.29( v 24'7 (0'0,24'7] local-les=24 n=1 ec=23 les/c 24/24 23/23/23) [1,2,0] r=0 lpr=23 crt=24'5 lcod 24'6 mlcod 24'6 active+clean] execute_ctx 0x7f0993f59e00
2015-10-26 13:28:10.708418 7f0970517700 10 osd.1 pg_epoch: 24 pg[3.29( v 24'7 (0'0,24'7] local-les=24 n=1 ec=23 les/c 24/24 23/23/23) [1,2,0] r=0 lpr=23 crt=24'5 lcod 24'6 mlcod 24'6 active+clean] do_op f3e3b1e9/t4.dat/head//3 [write 29360128~4194304] ov 24'7 av 24'8 snapc 0=[] snapset 0=[]:[]+head
2015-10-26 13:28:10.708425 7f0970517700 10 osd.1 pg_epoch: 24 pg[3.29( v 24'7 (0'0,24'7] local-les=24 n=1 ec=23 les/c 24/24 23/23/23) [1,2,0] r=0 lpr=23 crt=24'5 lcod 24'6 mlcod 24'6 active+clean] do_osd_op f3e3b1e9/t4.dat/head//3 [write 29360128~4194304]
2015-10-26 13:28:10.708429 7f0970517700 10 osd.1 pg_epoch: 24 pg[3.29( v 24'7 (0'0,24'7] local-les=24 n=1 ec=23 les/c 24/24 23/23/23) [1,2,0] r=0 lpr=23 crt=24'5 lcod 24'6 mlcod 24'6 active+clean] do_osd_op  write 29360128~4194304
2015-10-26 13:28:10.708459 7f0970517700 10 osd.1 pg_epoch: 24 pg[3.29( v 24'7 (0'0,24'7] local-les=24 n=1 ec=23 les/c 24/24 23/23/23) [1,2,0] r=0 lpr=23 crt=24'5 lcod 24'6 mlcod 24'6 active+clean]  set mtime to 2015-10-26 13:28:10.703115
2015-10-26 13:28:10.708469 7f0970517700 10 osd.1 pg_epoch: 24 pg[3.29( v 24'7 (0'0,24'7] local-les=24 n=1 ec=23 les/c 24/24 23/23/23) [1,2,0] r=0 lpr=23 crt=24'5 lcod 24'6 mlcod 24'6 active+clean]  final snapset 0=[]:[]+head in f3e3b1e9/t4.dat/head//3
2015-10-26 13:28:10.708481 7f0970517700 10 osd.1 pg_epoch: 24 pg[3.29( v 24'7 (0'0,24'7] local-les=24 n=1 ec=23 les/c 24/24 23/23/23) [1,2,0] r=0 lpr=23 crt=24'5 lcod 24'6 mlcod 24'6 active+clean] new_repop rep_tid 1584 on osd_op(client.4135.0:8 t4.dat [write 29360128~4194304] 3.f3e3b1e9 ondisk+write+known_if_redirected e24) v5
2015-10-26 13:28:10.708487 7f0970517700  7 osd.1 pg_epoch: 24 pg[3.29( v 24'7 (0'0,24'7] local-les=24 n=1 ec=23 les/c 24/24 23/23/23) [1,2,0] r=0 lpr=23 crt=24'5 lcod 24'6 mlcod 24'6 active+clean] issue_repop rep_tid 1584 o f3e3b1e9/t4.dat/head//3
2015-10-26 13:28:10.708545 7f0970517700 10 osd.1 pg_epoch: 24 pg[3.29( v 24'7 (0'0,24'7] local-les=24 n=1 ec=23 les/c 24/24 23/23/23) [1,2,0] r=0 lpr=23 crt=24'5 lcod 24'6 mlcod 24'6 active+clean] append_log log((0'0,24'7], crt=24'5) [24'8 (24'7) modify   f3e3b1e9/t4.dat/head//3 by client.4135.0:8 2015-10-26 13:28:10.703115]
2015-10-26 13:28:10.708556 7f0970517700 10 osd.1 pg_epoch: 24 pg[3.29( v 24'8 (0'0,24'8] local-les=24 n=1 ec=23 les/c 24/24 23/23/23) [1,2,0] r=0 lpr=23 luod=24'7 lua=24'7 crt=24'5 lcod 24'6 mlcod 24'6 active+clean] add_log_entry 24'8 (24'7) modify   f3e3b1e9/t4.dat/head//3 by client.4135.0:8 2015-10-26 13:28:10.703115
2015-10-26 13:28:10.708568 7f0970517700 10 osd.1 pg_epoch: 24 pg[3.29( v 24'8 (0'0,24'8] local-les=24 n=1 ec=23 les/c 24/24 23/23/23) [1,2,0] r=0 lpr=23 luod=24'7 lua=24'7 crt=24'6 lcod 24'6 mlcod 24'6 active+clean] append_log  adding 1 keys
2015-10-26 13:28:10.708574 7f0970517700 10 osd.1 pg_epoch: 24 pg[3.29( v 24'8 (0'0,24'8] local-les=24 n=1 ec=23 les/c 24/24 23/23/23) [1,2,0] r=0 lpr=23 luod=24'7 lua=24'7 crt=24'6 lcod 24'6 mlcod 24'6 active+clean] append_log: trimming to 24'6 entries 24'6 (24'5) modify   f3e3b1e9/t4.dat/head//3 by client.4135.0:6 2015-10-26 13:28:09.975141
2015-10-26 13:28:10.708588 7f0970517700 10 write_log with: dirty_to: 0'0, dirty_from: 4294967295'18446744073709551615, dirty_divergent_priors: 0, writeout_from: 24'8, trimmed: 
2015-10-26 13:28:10.708599 7f0970517700  5 filestore(/var/lib/ceph/osd/ceph-1) queue_transactions existing osr(3.29 0x7f09a10d3c80)/0x7f09a10d3c80
2015-10-26 13:28:10.708605 7f0970517700  5 filestore(/var/lib/ceph/osd/ceph-1) queue_transactions (writeahead) 2324 0x7f09a12f2c40
2015-10-26 13:28:10.708621 7f0970517700 10 osd.1 pg_epoch: 24 pg[3.29( v 24'8 (0'0,24'8] local-les=24 n=1 ec=23 les/c 24/24 23/23/23) [1,2,0] r=0 lpr=23 luod=24'7 lua=24'7 crt=24'6 lcod 24'6 mlcod 24'6 active+clean] eval_repop repgather(0x7f099424c480 24'8 rep_tid=1584 committed?=0 applied?=0 lock=0 op=osd_op(client.4135.0:8 t4.dat [write 29360128~4194304] 3.f3e3b1e9 ondisk+write+known_if_redirected e24) v5) wants=d
2015-10-26 13:28:10.708629 7f0970517700 10 osd.1 24 dequeue_op 0x7f0992d79c00 finish
2015-10-26 13:28:10.912334 7f0981e89700  5 filestore(/var/lib/ceph/osd/ceph-1) _journaled_ahead 0x7f09a1199110 seq 2324 osr(3.29 0x7f09a10d3c80) 0x7f09a12f2c40
2015-10-26 13:28:10.912338 7f0981e89700  5 filestore(/var/lib/ceph/osd/ceph-1) queue_op 0x7f09a1199110 seq 2324 osr(3.29 0x7f09a10d3c80) 4196441 bytes   (queue has 1 ops and 4196441 bytes)
2015-10-26 13:28:10.912342 7f0981e89700 10 filestore(/var/lib/ceph/osd/ceph-1)  queueing ondisk 0x7f09a1190120
2015-10-26 13:28:10.912351 7f0980e87700  5 filestore(/var/lib/ceph/osd/ceph-1) _do_op 0x7f09a1199110 seq 2324 osr(3.29 0x7f09a10d3c80)/0x7f09a10d3c80 start
2015-10-26 13:28:10.912353 7f0980e87700 10 filestore(/var/lib/ceph/osd/ceph-1) _do_transaction on 0x7f09a12f2c40
2015-10-26 13:28:10.912363 7f0980e87700 15 filestore(/var/lib/ceph/osd/ceph-1) _omap_setkeys 3.29_head/29//head//3
2015-10-26 13:28:10.912402 7f0980e87700 10 filestore oid: 29//head//3 not skipping op, *spos 2324.0.0
2015-10-26 13:28:10.912403 7f0980e87700 10 filestore  > header.spos 0.0.0
2015-10-26 13:28:10.912446 7f0980e87700 15 filestore(/var/lib/ceph/osd/ceph-1) _omap_setkeys 3.29_head/29//head//3
2015-10-26 13:28:10.912455 7f0980e87700 10 filestore oid: 29//head//3 not skipping op, *spos 2324.0.1
2015-10-26 13:28:10.912456 7f0980e87700 10 filestore  > header.spos 0.0.0
2015-10-26 13:28:10.912471 7f0980e87700 15 filestore(/var/lib/ceph/osd/ceph-1) _omap_setkeys 3.29_head/29//head//3
2015-10-26 13:28:10.912479 7f0980e87700 10 filestore oid: 29//head//3 not skipping op, *spos 2324.0.2
2015-10-26 13:28:10.912480 7f0980e87700 10 filestore  > header.spos 0.0.0
2015-10-26 13:28:10.912495 7f0980e87700 15 filestore(/var/lib/ceph/osd/ceph-1) write 3.29_head/f3e3b1e9/t4.dat/head//3 29360128~4194304
2015-10-26 13:28:10.914557 7f097fe85700 10 osd.1 pg_epoch: 24 pg[3.29( v 24'8 (0'0,24'8] local-les=24 n=1 ec=23 les/c 24/24 23/23/23) [1,2,0] r=0 lpr=23 luod=24'7 lua=24'7 crt=24'6 lcod 24'6 mlcod 24'6 active+clean] op_commit: 1584
2015-10-26 13:28:10.914904 7f09680f5700 10 osd.1 24 handle_replica_op osd_repop_reply(client.4135.0:8 3.29 ondisk, result = 0) v1 epoch 24
2015-10-26 13:28:10.914931 7f0972d1c700 10 osd.1 24 dequeue_op 0x7f0993c19a00 prio 196 cost 0 latency 0.000091 osd_repop_reply(client.4135.0:8 3.29 ondisk, result = 0) v1 pg pg[3.29( v 24'8 (0'0,24'8] local-les=24 n=1 ec=23 les/c 24/24 23/23/23) [1,2,0] r=0 lpr=23 luod=24'7 lua=24'7 crt=24'6 lcod 24'6 mlcod 24'6 active+clean]
2015-10-26 13:28:10.914943 7f0972d1c700 10 osd.1 pg_epoch: 24 pg[3.29( v 24'8 (0'0,24'8] local-les=24 n=1 ec=23 les/c 24/24 23/23/23) [1,2,0] r=0 lpr=23 luod=24'7 lua=24'7 crt=24'6 lcod 24'6 mlcod 24'6 active+clean] handle_message: 0x7f0993c19a00
2015-10-26 13:28:10.914952 7f0972d1c700  7 osd.1 pg_epoch: 24 pg[3.29( v 24'8 (0'0,24'8] local-les=24 n=1 ec=23 les/c 24/24 23/23/23) [1,2,0] r=0 lpr=23 luod=24'7 lua=24'7 crt=24'6 lcod 24'6 mlcod 24'6 active+clean] sub_op_modify_reply: tid 1584 op  ack_type 4 from 0
2015-10-26 13:28:10.914961 7f0972d1c700 10 osd.1 24 dequeue_op 0x7f0993c19a00 finish
2015-10-26 13:28:10.915179 7f0980e87700 10 filestore(/var/lib/ceph/osd/ceph-1) write 3.29_head/f3e3b1e9/t4.dat/head//3 29360128~4194304 = 4194304
2015-10-26 13:28:10.915213 7f0980e87700 15 filestore(/var/lib/ceph/osd/ceph-1) setattrs 3.29_head/f3e3b1e9/t4.dat/head//3
2015-10-26 13:28:10.915225 7f0980e87700 10 filestore(/var/lib/ceph/osd/ceph-1) setattrs 3.29_head/f3e3b1e9/t4.dat/head//3 = 0
2015-10-26 13:28:10.915237 7f0980e87700 15 filestore(/var/lib/ceph/osd/ceph-1) setattrs 3.29_head/f3e3b1e9/t4.dat/head//3
2015-10-26 13:28:10.915242 7f0980e87700 10 filestore(/var/lib/ceph/osd/ceph-1) setattrs 3.29_head/f3e3b1e9/t4.dat/head//3 = 0
2015-10-26 13:28:10.915244 7f0980e87700 10 filestore(/var/lib/ceph/osd/ceph-1) _do_op 0x7f09a1199110 seq 2324 r = 0, finisher 0x7f09a118f8a0 0x7f0993682300
2015-10-26 13:28:10.915247 7f0980e87700 10 filestore(/var/lib/ceph/osd/ceph-1) _finish_op 0x7f09a1199110 seq 2324 osr(3.29 0x7f09a10d3c80)/0x7f09a10d3c80
2015-10-26 13:28:10.915257 7f0980686700 10 osd.1 pg_epoch: 24 pg[3.29( v 24'8 (0'0,24'8] local-les=24 n=1 ec=23 les/c 24/24 23/23/23) [1,2,0] r=0 lpr=23 luod=24'7 lua=24'7 crt=24'6 lcod 24'6 mlcod 24'6 active+clean] op_applied: 1584
2015-10-26 13:28:10.915268 7f0980686700 10 osd.1 pg_epoch: 24 pg[3.29( v 24'8 (0'0,24'8] local-les=24 n=1 ec=23 les/c 24/24 23/23/23) [1,2,0] r=0 lpr=23 luod=24'7 lua=24'7 crt=24'6 lcod 24'6 mlcod 24'6 active+clean] op_applied version 24'8
2015-10-26 13:28:10.941491 7f0969509700 10 osd.1 24 handle_replica_op osd_repop_reply(client.4135.0:8 3.29 ondisk, result = 0) v1 epoch 24
2015-10-26 13:28:10.941581 7f0970517700 10 osd.1 24 dequeue_op 0x7f0993c1b000 prio 196 cost 0 latency 0.000364 osd_repop_reply(client.4135.0:8 3.29 ondisk, result = 0) v1 pg pg[3.29( v 24'8 (0'0,24'8] local-les=24 n=1 ec=23 les/c 24/24 23/23/23) [1,2,0] r=0 lpr=23 luod=24'7 crt=24'6 lcod 24'6 mlcod 24'6 active+clean]
2015-10-26 13:28:10.941626 7f0970517700 10 osd.1 pg_epoch: 24 pg[3.29( v 24'8 (0'0,24'8] local-les=24 n=1 ec=23 les/c 24/24 23/23/23) [1,2,0] r=0 lpr=23 luod=24'7 crt=24'6 lcod 24'6 mlcod 24'6 active+clean] handle_message: 0x7f0993c1b000
2015-10-26 13:28:10.941656 7f0970517700  7 osd.1 pg_epoch: 24 pg[3.29( v 24'8 (0'0,24'8] local-les=24 n=1 ec=23 les/c 24/24 23/23/23) [1,2,0] r=0 lpr=23 luod=24'7 crt=24'6 lcod 24'6 mlcod 24'6 active+clean] sub_op_modify_reply: tid 1584 op  ack_type 4 from 2
2015-10-26 13:28:10.941704 7f0970517700 10 osd.1 pg_epoch: 24 pg[3.29( v 24'8 (0'0,24'8] local-les=24 n=1 ec=23 les/c 24/24 23/23/23) [1,2,0] r=0 lpr=23 luod=24'7 crt=24'6 lcod 24'6 mlcod 24'6 active+clean] repop_all_applied: repop tid 1584 all applied 
2015-10-26 13:28:10.941721 7f0970517700 10 osd.1 pg_epoch: 24 pg[3.29( v 24'8 (0'0,24'8] local-les=24 n=1 ec=23 les/c 24/24 23/23/23) [1,2,0] r=0 lpr=23 luod=24'7 crt=24'6 lcod 24'6 mlcod 24'6 active+clean] eval_repop repgather(0x7f099424c480 24'8 rep_tid=1584 committed?=0 applied?=1 lock=0 op=osd_op(client.4135.0:8 t4.dat [write 29360128~4194304] 3.f3e3b1e9 ondisk+write+known_if_redirected e24) v5) wants=d
2015-10-26 13:28:10.941749 7f0970517700 10 osd.1 pg_epoch: 24 pg[3.29( v 24'8 (0'0,24'8] local-les=24 n=1 ec=23 les/c 24/24 23/23/23) [1,2,0] r=0 lpr=23 luod=24'7 crt=24'6 lcod 24'6 mlcod 24'6 active+clean] repop_all_committed: repop tid 1584 all committed 
2015-10-26 13:28:10.941763 7f0970517700 10 osd.1 pg_epoch: 24 pg[3.29( v 24'8 (0'0,24'8] local-les=24 n=1 ec=23 les/c 24/24 23/23/23) [1,2,0] r=0 lpr=23 crt=24'6 lcod 24'7 mlcod 24'6 active+clean] eval_repop repgather(0x7f099424c480 24'8 rep_tid=1584 committed?=1 applied?=1 lock=0 op=osd_op(client.4135.0:8 t4.dat [write 29360128~4194304] 3.f3e3b1e9 ondisk+write+known_if_redirected e24) v5) wants=d
2015-10-26 13:28:10.941828 7f0970517700 10 osd.1 pg_epoch: 24 pg[3.29( v 24'8 (0'0,24'8] local-les=24 n=1 ec=23 les/c 24/24 23/23/23) [1,2,0] r=0 lpr=23 crt=24'6 lcod 24'7 mlcod 24'6 active+clean]  sending commit on repgather(0x7f099424c480 24'8 rep_tid=1584 committed?=1 applied?=1 lock=0 op=osd_op(client.4135.0:8 t4.dat [write 29360128~4194304] 3.f3e3b1e9 ondisk+write+known_if_redirected e24) v5) 0x7f0993d14b00
2015-10-26 13:28:10.941953 7f0970517700 10 osd.1 pg_epoch: 24 pg[3.29( v 24'8 (0'0,24'8] local-les=24 n=1 ec=23 les/c 24/24 23/23/23) [1,2,0] r=0 lpr=23 crt=24'6 lcod 24'7 mlcod 24'7 active+clean]  removing repgather(0x7f099424c480 24'8 rep_tid=1584 committed?=1 applied?=1 lock=0 op=osd_op(client.4135.0:8 t4.dat [write 29360128~4194304] 3.f3e3b1e9 ondisk+write+known_if_redirected e24) v5)
2015-10-26 13:28:10.942069 7f0970517700 10 osd.1 24 dequeue_op 0x7f0993c1b000 finish
2015-10-26 13:28:10.959147 7f0972d1c700 10 osd.1 24 dequeue_op 0x7f0992d77000 prio 63 cost 4194304 latency 0.005760 osd_op(client.4135.0:9 t4.dat [write 33554432~4194304] 3.f3e3b1e9 ondisk+write+known_if_redirected e24) v5 pg pg[3.29( v 24'8 (0'0,24'8] local-les=24 n=1 ec=23 les/c 24/24 23/23/23) [1,2,0] r=0 lpr=23 crt=24'6 lcod 24'7 mlcod 24'7 active+clean]
2015-10-26 13:28:10.959183 7f0972d1c700 10 osd.1 pg_epoch: 24 pg[3.29( v 24'8 (0'0,24'8] local-les=24 n=1 ec=23 les/c 24/24 23/23/23) [1,2,0] r=0 lpr=23 crt=24'6 lcod 24'7 mlcod 24'7 active+clean] handle_message: 0x7f0992d77000
2015-10-26 13:28:10.959189 7f0972d1c700 10 osd.1 pg_epoch: 24 pg[3.29( v 24'8 (0'0,24'8] local-les=24 n=1 ec=23 les/c 24/24 23/23/23) [1,2,0] r=0 lpr=23 crt=24'6 lcod 24'7 mlcod 24'7 active+clean] do_op osd_op(client.4135.0:9 t4.dat [write 33554432~4194304] 3.f3e3b1e9 ondisk+write+known_if_redirected e24) v5 may_write -> write-ordered flags ondisk+write+known_if_redirected
2015-10-26 13:28:10.959206 7f0972d1c700 10 osd.1 pg_epoch: 24 pg[3.29( v 24'8 (0'0,24'8] local-les=24 n=1 ec=23 les/c 24/24 23/23/23) [1,2,0] r=0 lpr=23 crt=24'6 lcod 24'7 mlcod 24'7 active+clean] get_object_context: found obc in cache: 0x7f09a1183600
2015-10-26 13:28:10.959212 7f0972d1c700 10 osd.1 pg_epoch: 24 pg[3.29( v 24'8 (0'0,24'8] local-les=24 n=1 ec=23 les/c 24/24 23/23/23) [1,2,0] r=0 lpr=23 crt=24'6 lcod 24'7 mlcod 24'7 active+clean] get_object_context: 0x7f09a1183600 f3e3b1e9/t4.dat/head//3 rwstate(none n=0 w=0) oi: f3e3b1e9/t4.dat/head//3(24'8 client.4135.0:8 wrlock_by=unknown.0.0:0 dirty|omap_digest s 33554432 uv 8 od ffffffff) ssc: 0x7f0992d6fd10 snapset: 0=[]:[]+head
2015-10-26 13:28:10.959221 7f0972d1c700 10 osd.1 pg_epoch: 24 pg[3.29( v 24'8 (0'0,24'8] local-les=24 n=1 ec=23 les/c 24/24 23/23/23) [1,2,0] r=0 lpr=23 crt=24'6 lcod 24'7 mlcod 24'7 active+clean] find_object_context f3e3b1e9/t4.dat/head//3 @head oi=f3e3b1e9/t4.dat/head//3(24'8 client.4135.0:8 wrlock_by=unknown.0.0:0 dirty|omap_digest s 33554432 uv 8 od ffffffff)
2015-10-26 13:28:10.959237 7f0972d1c700 10 osd.1 pg_epoch: 24 pg[3.29( v 24'8 (0'0,24'8] local-les=24 n=1 ec=23 les/c 24/24 23/23/23) [1,2,0] r=0 lpr=23 crt=24'6 lcod 24'7 mlcod 24'7 active+clean] execute_ctx 0x7f0993c4d200
2015-10-26 13:28:10.959243 7f0972d1c700 10 osd.1 pg_epoch: 24 pg[3.29( v 24'8 (0'0,24'8] local-les=24 n=1 ec=23 les/c 24/24 23/23/23) [1,2,0] r=0 lpr=23 crt=24'6 lcod 24'7 mlcod 24'7 active+clean] do_op f3e3b1e9/t4.dat/head//3 [write 33554432~4194304] ov 24'8 av 24'9 snapc 0=[] snapset 0=[]:[]+head
2015-10-26 13:28:10.959251 7f0972d1c700 10 osd.1 pg_epoch: 24 pg[3.29( v 24'8 (0'0,24'8] local-les=24 n=1 ec=23 les/c 24/24 23/23/23) [1,2,0] r=0 lpr=23 crt=24'6 lcod 24'7 mlcod 24'7 active+clean] do_osd_op f3e3b1e9/t4.dat/head//3 [write 33554432~4194304]
2015-10-26 13:28:10.959256 7f0972d1c700 10 osd.1 pg_epoch: 24 pg[3.29( v 24'8 (0'0,24'8] local-les=24 n=1 ec=23 les/c 24/24 23/23/23) [1,2,0] r=0 lpr=23 crt=24'6 lcod 24'7 mlcod 24'7 active+clean] do_osd_op  write 33554432~4194304
2015-10-26 13:28:10.959298 7f0972d1c700 10 osd.1 pg_epoch: 24 pg[3.29( v 24'8 (0'0,24'8] local-les=24 n=1 ec=23 les/c 24/24 23/23/23) [1,2,0] r=0 lpr=23 crt=24'6 lcod 24'7 mlcod 24'7 active+clean]  set mtime to 2015-10-26 13:28:10.951663
2015-10-26 13:28:10.959310 7f0972d1c700 10 osd.1 pg_epoch: 24 pg[3.29( v 24'8 (0'0,24'8] local-les=24 n=1 ec=23 les/c 24/24 23/23/23) [1,2,0] r=0 lpr=23 crt=24'6 lcod 24'7 mlcod 24'7 active+clean]  final snapset 0=[]:[]+head in f3e3b1e9/t4.dat/head//3
2015-10-26 13:28:10.959325 7f0972d1c700 10 osd.1 pg_epoch: 24 pg[3.29( v 24'8 (0'0,24'8] local-les=24 n=1 ec=23 les/c 24/24 23/23/23) [1,2,0] r=0 lpr=23 crt=24'6 lcod 24'7 mlcod 24'7 active+clean] new_repop rep_tid 1585 on osd_op(client.4135.0:9 t4.dat [write 33554432~4194304] 3.f3e3b1e9 ondisk+write+known_if_redirected e24) v5
2015-10-26 13:28:10.959332 7f0972d1c700  7 osd.1 pg_epoch: 24 pg[3.29( v 24'8 (0'0,24'8] local-les=24 n=1 ec=23 les/c 24/24 23/23/23) [1,2,0] r=0 lpr=23 crt=24'6 lcod 24'7 mlcod 24'7 active+clean] issue_repop rep_tid 1585 o f3e3b1e9/t4.dat/head//3
2015-10-26 13:28:10.959397 7f0972d1c700 10 osd.1 pg_epoch: 24 pg[3.29( v 24'8 (0'0,24'8] local-les=24 n=1 ec=23 les/c 24/24 23/23/23) [1,2,0] r=0 lpr=23 crt=24'6 lcod 24'7 mlcod 24'7 active+clean] append_log log((0'0,24'8], crt=24'6) [24'9 (24'8) modify   f3e3b1e9/t4.dat/head//3 by client.4135.0:9 2015-10-26 13:28:10.951663]
2015-10-26 13:28:10.959414 7f0972d1c700 10 osd.1 pg_epoch: 24 pg[3.29( v 24'9 (0'0,24'9] local-les=24 n=1 ec=23 les/c 24/24 23/23/23) [1,2,0] r=0 lpr=23 luod=24'8 lua=24'8 crt=24'6 lcod 24'7 mlcod 24'7 active+clean] add_log_entry 24'9 (24'8) modify   f3e3b1e9/t4.dat/head//3 by client.4135.0:9 2015-10-26 13:28:10.951663
2015-10-26 13:28:10.959425 7f0972d1c700 10 osd.1 pg_epoch: 24 pg[3.29( v 24'9 (0'0,24'9] local-les=24 n=1 ec=23 les/c 24/24 23/23/23) [1,2,0] r=0 lpr=23 luod=24'8 lua=24'8 crt=24'7 lcod 24'7 mlcod 24'7 active+clean] append_log  adding 1 keys
2015-10-26 13:28:10.959432 7f0972d1c700 10 osd.1 pg_epoch: 24 pg[3.29( v 24'9 (0'0,24'9] local-les=24 n=1 ec=23 les/c 24/24 23/23/23) [1,2,0] r=0 lpr=23 luod=24'8 lua=24'8 crt=24'7 lcod 24'7 mlcod 24'7 active+clean] append_log: trimming to 24'7 entries 24'7 (24'6) modify   f3e3b1e9/t4.dat/head//3 by client.4135.0:7 2015-10-26 13:28:10.430356
2015-10-26 13:28:10.959449 7f0972d1c700 10 write_log with: dirty_to: 0'0, dirty_from: 4294967295'18446744073709551615, dirty_divergent_priors: 0, writeout_from: 24'9, trimmed: 
2015-10-26 13:28:10.959472 7f0972d1c700  5 filestore(/var/lib/ceph/osd/ceph-1) queue_transactions existing osr(3.29 0x7f09a10d3c80)/0x7f09a10d3c80
2015-10-26 13:28:10.959480 7f0972d1c700  5 filestore(/var/lib/ceph/osd/ceph-1) queue_transactions (writeahead) 2325 0x7f099384d500
2015-10-26 13:28:10.959496 7f0972d1c700 10 osd.1 pg_epoch: 24 pg[3.29( v 24'9 (0'0,24'9] local-les=24 n=1 ec=23 les/c 24/24 23/23/23) [1,2,0] r=0 lpr=23 luod=24'8 lua=24'8 crt=24'7 lcod 24'7 mlcod 24'7 active+clean] eval_repop repgather(0x7f09942a4c00 24'9 rep_tid=1585 committed?=0 applied?=0 lock=0 op=osd_op(client.4135.0:9 t4.dat [write 33554432~4194304] 3.f3e3b1e9 ondisk+write+known_if_redirected e24) v5) wants=d
2015-10-26 13:28:10.959505 7f0972d1c700 10 osd.1 24 dequeue_op 0x7f0992d77000 finish
2015-10-26 13:28:11.143819 7f0981e89700  5 filestore(/var/lib/ceph/osd/ceph-1) _journaled_ahead 0x7f09a1199200 seq 2325 osr(3.29 0x7f09a10d3c80) 0x7f099384d500
2015-10-26 13:28:11.143823 7f0981e89700  5 filestore(/var/lib/ceph/osd/ceph-1) queue_op 0x7f09a1199200 seq 2325 osr(3.29 0x7f09a10d3c80) 4196441 bytes   (queue has 1 ops and 4196441 bytes)
2015-10-26 13:28:11.143828 7f0981e89700 10 filestore(/var/lib/ceph/osd/ceph-1)  queueing ondisk 0x7f09a1190480
2015-10-26 13:28:11.143836 7f0981688700  5 filestore(/var/lib/ceph/osd/ceph-1) _do_op 0x7f09a1199200 seq 2325 osr(3.29 0x7f09a10d3c80)/0x7f09a10d3c80 start
2015-10-26 13:28:11.143839 7f0981688700 10 filestore(/var/lib/ceph/osd/ceph-1) _do_transaction on 0x7f099384d500
2015-10-26 13:28:11.143849 7f0981688700 15 filestore(/var/lib/ceph/osd/ceph-1) _omap_setkeys 3.29_head/29//head//3
2015-10-26 13:28:11.143852 7f097fe85700 10 osd.1 pg_epoch: 24 pg[3.29( v 24'9 (0'0,24'9] local-les=24 n=1 ec=23 les/c 24/24 23/23/23) [1,2,0] r=0 lpr=23 luod=24'8 lua=24'8 crt=24'7 lcod 24'7 mlcod 24'7 active+clean] op_commit: 1585
2015-10-26 13:28:11.143963 7f0981688700 10 filestore oid: 29//head//3 not skipping op, *spos 2325.0.0
2015-10-26 13:28:11.143965 7f0981688700 10 filestore  > header.spos 0.0.0
2015-10-26 13:28:11.144156 7f0981688700 15 filestore(/var/lib/ceph/osd/ceph-1) _omap_setkeys 3.29_head/29//head//3
2015-10-26 13:28:11.144177 7f0981688700 10 filestore oid: 29//head//3 not skipping op, *spos 2325.0.1
2015-10-26 13:28:11.144178 7f0981688700 10 filestore  > header.spos 0.0.0
2015-10-26 13:28:11.144243 7f0981688700 15 filestore(/var/lib/ceph/osd/ceph-1) _omap_setkeys 3.29_head/29//head//3
2015-10-26 13:28:11.144253 7f0981688700 10 filestore oid: 29//head//3 not skipping op, *spos 2325.0.2
2015-10-26 13:28:11.144255 7f0981688700 10 filestore  > header.spos 0.0.0
2015-10-26 13:28:11.144276 7f0981688700 15 filestore(/var/lib/ceph/osd/ceph-1) write 3.29_head/f3e3b1e9/t4.dat/head//3 33554432~4194304
2015-10-26 13:28:11.144413 7f09680f5700 10 osd.1 24 handle_replica_op osd_repop_reply(client.4135.0:9 3.29 ondisk, result = 0) v1 epoch 24
2015-10-26 13:28:11.144445 7f0970517700 10 osd.1 24 dequeue_op 0x7f0993c1a300 prio 196 cost 0 latency 0.000103 osd_repop_reply(client.4135.0:9 3.29 ondisk, result = 0) v1 pg pg[3.29( v 24'9 (0'0,24'9] local-les=24 n=1 ec=23 les/c 24/24 23/23/23) [1,2,0] r=0 lpr=23 luod=24'8 lua=24'8 crt=24'7 lcod 24'7 mlcod 24'7 active+clean]
2015-10-26 13:28:11.144458 7f0970517700 10 osd.1 pg_epoch: 24 pg[3.29( v 24'9 (0'0,24'9] local-les=24 n=1 ec=23 les/c 24/24 23/23/23) [1,2,0] r=0 lpr=23 luod=24'8 lua=24'8 crt=24'7 lcod 24'7 mlcod 24'7 active+clean] handle_message: 0x7f0993c1a300
2015-10-26 13:28:11.144467 7f0970517700  7 osd.1 pg_epoch: 24 pg[3.29( v 24'9 (0'0,24'9] local-les=24 n=1 ec=23 les/c 24/24 23/23/23) [1,2,0] r=0 lpr=23 luod=24'8 lua=24'8 crt=24'7 lcod 24'7 mlcod 24'7 active+clean] sub_op_modify_reply: tid 1585 op  ack_type 4 from 0
2015-10-26 13:28:11.144478 7f0970517700 10 osd.1 24 dequeue_op 0x7f0993c1a300 finish
2015-10-26 13:28:11.146905 7f0981688700 10 filestore(/var/lib/ceph/osd/ceph-1) write 3.29_head/f3e3b1e9/t4.dat/head//3 33554432~4194304 = 4194304
2015-10-26 13:28:11.146962 7f0981688700 15 filestore(/var/lib/ceph/osd/ceph-1) setattrs 3.29_head/f3e3b1e9/t4.dat/head//3
2015-10-26 13:28:11.146986 7f0981688700 10 filestore(/var/lib/ceph/osd/ceph-1) setattrs 3.29_head/f3e3b1e9/t4.dat/head//3 = 0
2015-10-26 13:28:11.147012 7f0981688700 15 filestore(/var/lib/ceph/osd/ceph-1) setattrs 3.29_head/f3e3b1e9/t4.dat/head//3
2015-10-26 13:28:11.147031 7f0981688700 10 filestore(/var/lib/ceph/osd/ceph-1) setattrs 3.29_head/f3e3b1e9/t4.dat/head//3 = 0
2015-10-26 13:28:11.147043 7f0981688700 10 filestore(/var/lib/ceph/osd/ceph-1) _do_op 0x7f09a1199200 seq 2325 r = 0, finisher 0x7f09a118f5e0 0x7f09a11c9ec0
2015-10-26 13:28:11.147045 7f0981688700 10 filestore(/var/lib/ceph/osd/ceph-1) _finish_op 0x7f09a1199200 seq 2325 osr(3.29 0x7f09a10d3c80)/0x7f09a10d3c80
2015-10-26 13:28:11.147076 7f0980686700 10 osd.1 pg_epoch: 24 pg[3.29( v 24'9 (0'0,24'9] local-les=24 n=1 ec=23 les/c 24/24 23/23/23) [1,2,0] r=0 lpr=23 luod=24'8 lua=24'8 crt=24'7 lcod 24'7 mlcod 24'7 active+clean] op_applied: 1585
2015-10-26 13:28:11.147095 7f0980686700 10 osd.1 pg_epoch: 24 pg[3.29( v 24'9 (0'0,24'9] local-les=24 n=1 ec=23 les/c 24/24 23/23/23) [1,2,0] r=0 lpr=23 luod=24'8 lua=24'8 crt=24'7 lcod 24'7 mlcod 24'7 active+clean] op_applied version 24'9
2015-10-26 13:28:11.231059 7f0984e8f700  5 osd.1 24 tick
2015-10-26 13:28:11.231087 7f0984e8f700 10 osd.1 24 do_waiters -- start
2015-10-26 13:28:11.231088 7f0984e8f700 10 osd.1 24 do_waiters -- finish
2015-10-26 13:28:11.472475 7f096cd10700  5 osd.1 24 heartbeat: osd_stat(564 MB used, 255 GB avail, 255 GB total, peers [0,2]/[] op hist [0,0,0,0,0,0,0,0,0,0,1])
2015-10-26 13:28:11.523632 7f0969509700 10 osd.1 24 handle_replica_op osd_repop_reply(client.4135.0:9 3.29 ondisk, result = 0) v1 epoch 24
2015-10-26 13:28:11.523660 7f0972d1c700 10 osd.1 24 dequeue_op 0x7f0993c1af00 prio 196 cost 0 latency 0.000113 osd_repop_reply(client.4135.0:9 3.29 ondisk, result = 0) v1 pg pg[3.29( v 24'9 (0'0,24'9] local-les=24 n=1 ec=23 les/c 24/24 23/23/23) [1,2,0] r=0 lpr=23 luod=24'8 crt=24'7 lcod 24'7 mlcod 24'7 active+clean]
2015-10-26 13:28:11.523674 7f0972d1c700 10 osd.1 pg_epoch: 24 pg[3.29( v 24'9 (0'0,24'9] local-les=24 n=1 ec=23 les/c 24/24 23/23/23) [1,2,0] r=0 lpr=23 luod=24'8 crt=24'7 lcod 24'7 mlcod 24'7 active+clean] handle_message: 0x7f0993c1af00
2015-10-26 13:28:11.523682 7f0972d1c700  7 osd.1 pg_epoch: 24 pg[3.29( v 24'9 (0'0,24'9] local-les=24 n=1 ec=23 les/c 24/24 23/23/23) [1,2,0] r=0 lpr=23 luod=24'8 crt=24'7 lcod 24'7 mlcod 24'7 active+clean] sub_op_modify_reply: tid 1585 op  ack_type 4 from 2
2015-10-26 13:28:11.523695 7f0972d1c700 10 osd.1 pg_epoch: 24 pg[3.29( v 24'9 (0'0,24'9] local-les=24 n=1 ec=23 les/c 24/24 23/23/23) [1,2,0] r=0 lpr=23 luod=24'8 crt=24'7 lcod 24'7 mlcod 24'7 active+clean] repop_all_applied: repop tid 1585 all applied 
2015-10-26 13:28:11.523700 7f0972d1c700 10 osd.1 pg_epoch: 24 pg[3.29( v 24'9 (0'0,24'9] local-les=24 n=1 ec=23 les/c 24/24 23/23/23) [1,2,0] r=0 lpr=23 luod=24'8 crt=24'7 lcod 24'7 mlcod 24'7 active+clean] eval_repop repgather(0x7f09942a4c00 24'9 rep_tid=1585 committed?=0 applied?=1 lock=0 op=osd_op(client.4135.0:9 t4.dat [write 33554432~4194304] 3.f3e3b1e9 ondisk+write+known_if_redirected e24) v5) wants=d
2015-10-26 13:28:11.523707 7f0972d1c700 10 osd.1 pg_epoch: 24 pg[3.29( v 24'9 (0'0,24'9] local-les=24 n=1 ec=23 les/c 24/24 23/23/23) [1,2,0] r=0 lpr=23 luod=24'8 crt=24'7 lcod 24'7 mlcod 24'7 active+clean] repop_all_committed: repop tid 1585 all committed 
2015-10-26 13:28:11.523711 7f0972d1c700 10 osd.1 pg_epoch: 24 pg[3.29( v 24'9 (0'0,24'9] local-les=24 n=1 ec=23 les/c 24/24 23/23/23) [1,2,0] r=0 lpr=23 crt=24'7 lcod 24'8 mlcod 24'7 active+clean] eval_repop repgather(0x7f09942a4c00 24'9 rep_tid=1585 committed?=1 applied?=1 lock=0 op=osd_op(client.4135.0:9 t4.dat [write 33554432~4194304] 3.f3e3b1e9 ondisk+write+known_if_redirected e24) v5) wants=d
2015-10-26 13:28:11.523729 7f0972d1c700 10 osd.1 pg_epoch: 24 pg[3.29( v 24'9 (0'0,24'9] local-les=24 n=1 ec=23 les/c 24/24 23/23/23) [1,2,0] r=0 lpr=23 crt=24'7 lcod 24'8 mlcod 24'7 active+clean]  sending commit on repgather(0x7f09942a4c00 24'9 rep_tid=1585 committed?=1 applied?=1 lock=0 op=osd_op(client.4135.0:9 t4.dat [write 33554432~4194304] 3.f3e3b1e9 ondisk+write+known_if_redirected e24) v5) 0x7f09a0c61e40
2015-10-26 13:28:11.523764 7f0972d1c700 10 osd.1 pg_epoch: 24 pg[3.29( v 24'9 (0'0,24'9] local-les=24 n=1 ec=23 les/c 24/24 23/23/23) [1,2,0] r=0 lpr=23 crt=24'7 lcod 24'8 mlcod 24'8 active+clean]  removing repgather(0x7f09942a4c00 24'9 rep_tid=1585 committed?=1 applied?=1 lock=0 op=osd_op(client.4135.0:9 t4.dat [write 33554432~4194304] 3.f3e3b1e9 ondisk+write+known_if_redirected e24) v5)
2015-10-26 13:28:11.523800 7f0972d1c700 10 osd.1 24 dequeue_op 0x7f0993c1af00 finish
2015-10-26 13:28:11.535051 7f0970517700 10 osd.1 24 dequeue_op 0x7f0992d77b00 prio 63 cost 4194304 latency 0.006327 osd_op(client.4135.0:10 t4.dat [write 37748736~4194304] 3.f3e3b1e9 ondisk+write+known_if_redirected e24) v5 pg pg[3.29( v 24'9 (0'0,24'9] local-les=24 n=1 ec=23 les/c 24/24 23/23/23) [1,2,0] r=0 lpr=23 crt=24'7 lcod 24'8 mlcod 24'8 active+clean]
2015-10-26 13:28:11.535073 7f0970517700 10 osd.1 pg_epoch: 24 pg[3.29( v 24'9 (0'0,24'9] local-les=24 n=1 ec=23 les/c 24/24 23/23/23) [1,2,0] r=0 lpr=23 crt=24'7 lcod 24'8 mlcod 24'8 active+clean] handle_message: 0x7f0992d77b00
2015-10-26 13:28:11.535078 7f0970517700 10 osd.1 pg_epoch: 24 pg[3.29( v 24'9 (0'0,24'9] local-les=24 n=1 ec=23 les/c 24/24 23/23/23) [1,2,0] r=0 lpr=23 crt=24'7 lcod 24'8 mlcod 24'8 active+clean] do_op osd_op(client.4135.0:10 t4.dat [write 37748736~4194304] 3.f3e3b1e9 ondisk+write+known_if_redirected e24) v5 may_write -> write-ordered flags ondisk+write+known_if_redirected
2015-10-26 13:28:11.535091 7f0970517700 10 osd.1 pg_epoch: 24 pg[3.29( v 24'9 (0'0,24'9] local-les=24 n=1 ec=23 les/c 24/24 23/23/23) [1,2,0] r=0 lpr=23 crt=24'7 lcod 24'8 mlcod 24'8 active+clean] get_object_context: found obc in cache: 0x7f09a1183600
2015-10-26 13:28:11.535095 7f0970517700 10 osd.1 pg_epoch: 24 pg[3.29( v 24'9 (0'0,24'9] local-les=24 n=1 ec=23 les/c 24/24 23/23/23) [1,2,0] r=0 lpr=23 crt=24'7 lcod 24'8 mlcod 24'8 active+clean] get_object_context: 0x7f09a1183600 f3e3b1e9/t4.dat/head//3 rwstate(none n=0 w=0) oi: f3e3b1e9/t4.dat/head//3(24'9 client.4135.0:9 wrlock_by=unknown.0.0:0 dirty|omap_digest s 37748736 uv 9 od ffffffff) ssc: 0x7f0992d6fd10 snapset: 0=[]:[]+head
2015-10-26 13:28:11.535103 7f0970517700 10 osd.1 pg_epoch: 24 pg[3.29( v 24'9 (0'0,24'9] local-les=24 n=1 ec=23 les/c 24/24 23/23/23) [1,2,0] r=0 lpr=23 crt=24'7 lcod 24'8 mlcod 24'8 active+clean] find_object_context f3e3b1e9/t4.dat/head//3 @head oi=f3e3b1e9/t4.dat/head//3(24'9 client.4135.0:9 wrlock_by=unknown.0.0:0 dirty|omap_digest s 37748736 uv 9 od ffffffff)
2015-10-26 13:28:11.535115 7f0970517700 10 osd.1 pg_epoch: 24 pg[3.29( v 24'9 (0'0,24'9] local-les=24 n=1 ec=23 les/c 24/24 23/23/23) [1,2,0] r=0 lpr=23 crt=24'7 lcod 24'8 mlcod 24'8 active+clean] execute_ctx 0x7f0993f59e00
2015-10-26 13:28:11.535121 7f0970517700 10 osd.1 pg_epoch: 24 pg[3.29( v 24'9 (0'0,24'9] local-les=24 n=1 ec=23 les/c 24/24 23/23/23) [1,2,0] r=0 lpr=23 crt=24'7 lcod 24'8 mlcod 24'8 active+clean] do_op f3e3b1e9/t4.dat/head//3 [write 37748736~4194304] ov 24'9 av 24'10 snapc 0=[] snapset 0=[]:[]+head
2015-10-26 13:28:11.535127 7f0970517700 10 osd.1 pg_epoch: 24 pg[3.29( v 24'9 (0'0,24'9] local-les=24 n=1 ec=23 les/c 24/24 23/23/23) [1,2,0] r=0 lpr=23 crt=24'7 lcod 24'8 mlcod 24'8 active+clean] do_osd_op f3e3b1e9/t4.dat/head//3 [write 37748736~4194304]
2015-10-26 13:28:11.535131 7f0970517700 10 osd.1 pg_epoch: 24 pg[3.29( v 24'9 (0'0,24'9] local-les=24 n=1 ec=23 les/c 24/24 23/23/23) [1,2,0] r=0 lpr=23 crt=24'7 lcod 24'8 mlcod 24'8 active+clean] do_osd_op  write 37748736~4194304
2015-10-26 13:28:11.535165 7f0970517700 10 osd.1 pg_epoch: 24 pg[3.29( v 24'9 (0'0,24'9] local-les=24 n=1 ec=23 les/c 24/24 23/23/23) [1,2,0] r=0 lpr=23 crt=24'7 lcod 24'8 mlcod 24'8 active+clean]  set mtime to 2015-10-26 13:28:11.529172
2015-10-26 13:28:11.535174 7f0970517700 10 osd.1 pg_epoch: 24 pg[3.29( v 24'9 (0'0,24'9] local-les=24 n=1 ec=23 les/c 24/24 23/23/23) [1,2,0] r=0 lpr=23 crt=24'7 lcod 24'8 mlcod 24'8 active+clean]  final snapset 0=[]:[]+head in f3e3b1e9/t4.dat/head//3
2015-10-26 13:28:11.535185 7f0970517700 10 osd.1 pg_epoch: 24 pg[3.29( v 24'9 (0'0,24'9] local-les=24 n=1 ec=23 les/c 24/24 23/23/23) [1,2,0] r=0 lpr=23 crt=24'7 lcod 24'8 mlcod 24'8 active+clean] new_repop rep_tid 1586 on osd_op(client.4135.0:10 t4.dat [write 37748736~4194304] 3.f3e3b1e9 ondisk+write+known_if_redirected e24) v5
2015-10-26 13:28:11.535190 7f0970517700  7 osd.1 pg_epoch: 24 pg[3.29( v 24'9 (0'0,24'9] local-les=24 n=1 ec=23 les/c 24/24 23/23/23) [1,2,0] r=0 lpr=23 crt=24'7 lcod 24'8 mlcod 24'8 active+clean] issue_repop rep_tid 1586 o f3e3b1e9/t4.dat/head//3
2015-10-26 13:28:11.535241 7f0970517700 10 osd.1 pg_epoch: 24 pg[3.29( v 24'9 (0'0,24'9] local-les=24 n=1 ec=23 les/c 24/24 23/23/23) [1,2,0] r=0 lpr=23 crt=24'7 lcod 24'8 mlcod 24'8 active+clean] append_log log((0'0,24'9], crt=24'7) [24'10 (24'9) modify   f3e3b1e9/t4.dat/head//3 by client.4135.0:10 2015-10-26 13:28:11.529172]
2015-10-26 13:28:11.535252 7f0970517700 10 osd.1 pg_epoch: 24 pg[3.29( v 24'10 (0'0,24'10] local-les=24 n=1 ec=23 les/c 24/24 23/23/23) [1,2,0] r=0 lpr=23 luod=24'9 lua=24'9 crt=24'7 lcod 24'8 mlcod 24'8 active+clean] add_log_entry 24'10 (24'9) modify   f3e3b1e9/t4.dat/head//3 by client.4135.0:10 2015-10-26 13:28:11.529172
2015-10-26 13:28:11.535262 7f0970517700 10 osd.1 pg_epoch: 24 pg[3.29( v 24'10 (0'0,24'10] local-les=24 n=1 ec=23 les/c 24/24 23/23/23) [1,2,0] r=0 lpr=23 luod=24'9 lua=24'9 crt=24'8 lcod 24'8 mlcod 24'8 active+clean] append_log  adding 1 keys
2015-10-26 13:28:11.535268 7f0970517700 10 osd.1 pg_epoch: 24 pg[3.29( v 24'10 (0'0,24'10] local-les=24 n=1 ec=23 les/c 24/24 23/23/23) [1,2,0] r=0 lpr=23 luod=24'9 lua=24'9 crt=24'8 lcod 24'8 mlcod 24'8 active+clean] append_log: trimming to 24'8 entries 24'8 (24'7) modify   f3e3b1e9/t4.dat/head//3 by client.4135.0:8 2015-10-26 13:28:10.703115
2015-10-26 13:28:11.535283 7f0970517700 10 write_log with: dirty_to: 0'0, dirty_from: 4294967295'18446744073709551615, dirty_divergent_priors: 0, writeout_from: 24'10, trimmed: 
2015-10-26 13:28:11.535302 7f0970517700  5 filestore(/var/lib/ceph/osd/ceph-1) queue_transactions existing osr(3.29 0x7f09a10d3c80)/0x7f09a10d3c80
2015-10-26 13:28:11.535309 7f0970517700  5 filestore(/var/lib/ceph/osd/ceph-1) queue_transactions (writeahead) 2326 0x7f09a12f21c0
2015-10-26 13:28:11.535321 7f0970517700 10 osd.1 pg_epoch: 24 pg[3.29( v 24'10 (0'0,24'10] local-les=24 n=1 ec=23 les/c 24/24 23/23/23) [1,2,0] r=0 lpr=23 luod=24'9 lua=24'9 crt=24'8 lcod 24'8 mlcod 24'8 active+clean] eval_repop repgather(0x7f09a0db89c0 24'10 rep_tid=1586 committed?=0 applied?=0 lock=0 op=osd_op(client.4135.0:10 t4.dat [write 37748736~4194304] 3.f3e3b1e9 ondisk+write+known_if_redirected e24) v5) wants=d
2015-10-26 13:28:11.535328 7f0970517700 10 osd.1 24 dequeue_op 0x7f0992d77b00 finish
2015-10-26 13:28:11.763279 7f0969509700 10 osd.1 24 handle_replica_op osd_repop_reply(client.4135.0:10 3.29 ondisk, result = 0) v1 epoch 24
2015-10-26 13:28:11.763319 7f0972d1c700 10 osd.1 24 dequeue_op 0x7f0993c18300 prio 196 cost 0 latency 0.000157 osd_repop_reply(client.4135.0:10 3.29 ondisk, result = 0) v1 pg pg[3.29( v 24'10 (0'0,24'10] local-les=24 n=1 ec=23 les/c 24/24 23/23/23) [1,2,0] r=0 lpr=23 luod=24'9 lua=24'9 crt=24'8 lcod 24'8 mlcod 24'8 active+clean]
2015-10-26 13:28:11.763336 7f0972d1c700 10 osd.1 pg_epoch: 24 pg[3.29( v 24'10 (0'0,24'10] local-les=24 n=1 ec=23 les/c 24/24 23/23/23) [1,2,0] r=0 lpr=23 luod=24'9 lua=24'9 crt=24'8 lcod 24'8 mlcod 24'8 active+clean] handle_message: 0x7f0993c18300
2015-10-26 13:28:11.763346 7f0972d1c700  7 osd.1 pg_epoch: 24 pg[3.29( v 24'10 (0'0,24'10] local-les=24 n=1 ec=23 les/c 24/24 23/23/23) [1,2,0] r=0 lpr=23 luod=24'9 lua=24'9 crt=24'8 lcod 24'8 mlcod 24'8 active+clean] sub_op_modify_reply: tid 1586 op  ack_type 4 from 2
2015-10-26 13:28:11.763359 7f0972d1c700 10 osd.1 24 dequeue_op 0x7f0993c18300 finish
2015-10-26 13:28:11.765345 7f09680f5700 10 osd.1 24 handle_replica_op osd_repop_reply(client.4135.0:10 3.29 ondisk, result = 0) v1 epoch 24
2015-10-26 13:28:11.765373 7f0970517700 10 osd.1 24 dequeue_op 0x7f0992d79b00 prio 196 cost 0 latency 0.000154 osd_repop_reply(client.4135.0:10 3.29 ondisk, result = 0) v1 pg pg[3.29( v 24'10 (0'0,24'10] local-les=24 n=1 ec=23 les/c 24/24 23/23/23) [1,2,0] r=0 lpr=23 luod=24'9 lua=24'9 crt=24'8 lcod 24'8 mlcod 24'8 active+clean]
2015-10-26 13:28:11.765385 7f0970517700 10 osd.1 pg_epoch: 24 pg[3.29( v 24'10 (0'0,24'10] local-les=24 n=1 ec=23 les/c 24/24 23/23/23) [1,2,0] r=0 lpr=23 luod=24'9 lua=24'9 crt=24'8 lcod 24'8 mlcod 24'8 active+clean] handle_message: 0x7f0992d79b00
2015-10-26 13:28:11.765393 7f0970517700  7 osd.1 pg_epoch: 24 pg[3.29( v 24'10 (0'0,24'10] local-les=24 n=1 ec=23 les/c 24/24 23/23/23) [1,2,0] r=0 lpr=23 luod=24'9 lua=24'9 crt=24'8 lcod 24'8 mlcod 24'8 active+clean] sub_op_modify_reply: tid 1586 op  ack_type 4 from 0
2015-10-26 13:28:11.765405 7f0970517700 10 osd.1 24 dequeue_op 0x7f0992d79b00 finish
2015-10-26 13:28:11.786814 7f0981e89700  5 filestore(/var/lib/ceph/osd/ceph-1) _journaled_ahead 0x7f09a1199070 seq 2326 osr(3.29 0x7f09a10d3c80) 0x7f09a12f21c0
2015-10-26 13:28:11.786820 7f0981e89700  5 filestore(/var/lib/ceph/osd/ceph-1) queue_op 0x7f09a1199070 seq 2326 osr(3.29 0x7f09a10d3c80) 4196441 bytes   (queue has 1 ops and 4196441 bytes)
2015-10-26 13:28:11.786824 7f0981e89700 10 filestore(/var/lib/ceph/osd/ceph-1)  queueing ondisk 0x7f09943569a0
2015-10-26 13:28:11.786836 7f0980e87700  5 filestore(/var/lib/ceph/osd/ceph-1) _do_op 0x7f09a1199070 seq 2326 osr(3.29 0x7f09a10d3c80)/0x7f09a10d3c80 start
2015-10-26 13:28:11.786839 7f0980e87700 10 filestore(/var/lib/ceph/osd/ceph-1) _do_transaction on 0x7f09a12f21c0
2015-10-26 13:28:11.786854 7f0980e87700 15 filestore(/var/lib/ceph/osd/ceph-1) _omap_setkeys 3.29_head/29//head//3
2015-10-26 13:28:11.786889 7f0980e87700 10 filestore oid: 29//head//3 not skipping op, *spos 2326.0.0
2015-10-26 13:28:11.786891 7f0980e87700 10 filestore  > header.spos 0.0.0
2015-10-26 13:28:11.786893 7f097fe85700 10 osd.1 pg_epoch: 24 pg[3.29( v 24'10 (0'0,24'10] local-les=24 n=1 ec=23 les/c 24/24 23/23/23) [1,2,0] r=0 lpr=23 luod=24'9 lua=24'9 crt=24'8 lcod 24'8 mlcod 24'8 active+clean] op_commit: 1586
2015-10-26 13:28:11.786929 7f0980e87700 15 filestore(/var/lib/ceph/osd/ceph-1) _omap_setkeys 3.29_head/29//head//3
2015-10-26 13:28:11.786927 7f097fe85700 10 osd.1 pg_epoch: 24 pg[3.29( v 24'10 (0'0,24'10] local-les=24 n=1 ec=23 les/c 24/24 23/23/23) [1,2,0] r=0 lpr=23 luod=24'9 lua=24'9 crt=24'8 lcod 24'8 mlcod 24'8 active+clean] repop_all_committed: repop tid 1586 all committed 
2015-10-26 13:28:11.786939 7f0980e87700 10 filestore oid: 29//head//3 not skipping op, *spos 2326.0.1
2015-10-26 13:28:11.786940 7f0980e87700 10 filestore  > header.spos 0.0.0
2015-10-26 13:28:11.786936 7f097fe85700 10 osd.1 pg_epoch: 24 pg[3.29( v 24'10 (0'0,24'10] local-les=24 n=1 ec=23 les/c 24/24 23/23/23) [1,2,0] r=0 lpr=23 lua=24'9 crt=24'8 lcod 24'9 mlcod 24'8 active+clean] eval_repop repgather(0x7f09a0db89c0 24'10 rep_tid=1586 committed?=1 applied?=0 lock=0 op=osd_op(client.4135.0:10 t4.dat [write 37748736~4194304] 3.f3e3b1e9 ondisk+write+known_if_redirected e24) v5) wants=d
2015-10-26 13:28:11.786957 7f0980e87700 15 filestore(/var/lib/ceph/osd/ceph-1) _omap_setkeys 3.29_head/29//head//3
2015-10-26 13:28:11.786957 7f097fe85700 10 osd.1 pg_epoch: 24 pg[3.29( v 24'10 (0'0,24'10] local-les=24 n=1 ec=23 les/c 24/24 23/23/23) [1,2,0] r=0 lpr=23 lua=24'9 crt=24'8 lcod 24'9 mlcod 24'8 active+clean]  sending commit on repgather(0x7f09a0db89c0 24'10 rep_tid=1586 committed?=1 applied?=0 lock=0 op=osd_op(client.4135.0:10 t4.dat [write 37748736~4194304] 3.f3e3b1e9 ondisk+write+known_if_redirected e24) v5) 0x7f0993d14000
2015-10-26 13:28:11.786965 7f0980e87700 10 filestore oid: 29//head//3 not skipping op, *spos 2326.0.2
2015-10-26 13:28:11.786966 7f0980e87700 10 filestore  > header.spos 0.0.0
2015-10-26 13:28:11.786982 7f0980e87700 15 filestore(/var/lib/ceph/osd/ceph-1) write 3.29_head/f3e3b1e9/t4.dat/head//3 37748736~4194304
2015-10-26 13:28:11.790585 7f0980e87700 10 filestore(/var/lib/ceph/osd/ceph-1) write 3.29_head/f3e3b1e9/t4.dat/head//3 37748736~4194304 = 4194304
2015-10-26 13:28:11.790635 7f0980e87700 15 filestore(/var/lib/ceph/osd/ceph-1) setattrs 3.29_head/f3e3b1e9/t4.dat/head//3
2015-10-26 13:28:11.790653 7f0980e87700 10 filestore(/var/lib/ceph/osd/ceph-1) setattrs 3.29_head/f3e3b1e9/t4.dat/head//3 = 0
2015-10-26 13:28:11.790664 7f0980e87700 15 filestore(/var/lib/ceph/osd/ceph-1) setattrs 3.29_head/f3e3b1e9/t4.dat/head//3
2015-10-26 13:28:11.790674 7f0980e87700 10 filestore(/var/lib/ceph/osd/ceph-1) setattrs 3.29_head/f3e3b1e9/t4.dat/head//3 = 0
2015-10-26 13:28:11.790677 7f0980e87700 10 filestore(/var/lib/ceph/osd/ceph-1) _do_op 0x7f09a1199070 seq 2326 r = 0, finisher 0x7f0994354520 0x7f09936d33c0
2015-10-26 13:28:11.790679 7f0980e87700 10 filestore(/var/lib/ceph/osd/ceph-1) _finish_op 0x7f09a1199070 seq 2326 osr(3.29 0x7f09a10d3c80)/0x7f09a10d3c80
2015-10-26 13:28:11.790877 7f0980686700 10 osd.1 pg_epoch: 24 pg[3.29( v 24'10 (0'0,24'10] local-les=24 n=1 ec=23 les/c 24/24 23/23/23) [1,2,0] r=0 lpr=23 lua=24'9 crt=24'8 lcod 24'9 mlcod 24'8 active+clean] op_applied: 1586
2015-10-26 13:28:11.790898 7f0980686700 10 osd.1 pg_epoch: 24 pg[3.29( v 24'10 (0'0,24'10] local-les=24 n=1 ec=23 les/c 24/24 23/23/23) [1,2,0] r=0 lpr=23 lua=24'9 crt=24'8 lcod 24'9 mlcod 24'8 active+clean] op_applied version 24'10
2015-10-26 13:28:11.790904 7f0980686700 10 osd.1 pg_epoch: 24 pg[3.29( v 24'10 (0'0,24'10] local-les=24 n=1 ec=23 les/c 24/24 23/23/23) [1,2,0] r=0 lpr=23 crt=24'8 lcod 24'9 mlcod 24'8 active+clean] repop_all_applied: repop tid 1586 all applied 
2015-10-26 13:28:11.790908 7f0980686700 10 osd.1 pg_epoch: 24 pg[3.29( v 24'10 (0'0,24'10] local-les=24 n=1 ec=23 les/c 24/24 23/23/23) [1,2,0] r=0 lpr=23 crt=24'8 lcod 24'9 mlcod 24'8 active+clean] eval_repop repgather(0x7f09a0db89c0 24'10 rep_tid=1586 committed?=1 applied?=1 lock=0 op=osd_op(client.4135.0:10 t4.dat [write 37748736~4194304] 3.f3e3b1e9 ondisk+write+known_if_redirected e24) v5) wants=d
2015-10-26 13:28:11.790931 7f0980686700 10 osd.1 pg_epoch: 24 pg[3.29( v 24'10 (0'0,24'10] local-les=24 n=1 ec=23 les/c 24/24 23/23/23) [1,2,0] r=0 lpr=23 crt=24'8 lcod 24'9 mlcod 24'9 active+clean]  removing repgather(0x7f09a0db89c0 24'10 rep_tid=1586 committed?=1 applied?=1 lock=0 op=osd_op(client.4135.0:10 t4.dat [write 37748736~4194304] 3.f3e3b1e9 ondisk+write+known_if_redirected e24) v5)
2015-10-26 13:28:11.812313 7f0972d1c700 10 osd.1 24 dequeue_op 0x7f09a10c8400 prio 63 cost 4194304 latency 0.019071 osd_op(client.4135.0:11 t4.dat [write 41943040~4194304] 3.f3e3b1e9 ondisk+write+known_if_redirected e24) v5 pg pg[3.29( v 24'10 (0'0,24'10] local-les=24 n=1 ec=23 les/c 24/24 23/23/23) [1,2,0] r=0 lpr=23 crt=24'8 lcod 24'9 mlcod 24'9 active+clean]
2015-10-26 13:28:11.812349 7f0972d1c700 10 osd.1 pg_epoch: 24 pg[3.29( v 24'10 (0'0,24'10] local-les=24 n=1 ec=23 les/c 24/24 23/23/23) [1,2,0] r=0 lpr=23 crt=24'8 lcod 24'9 mlcod 24'9 active+clean] handle_message: 0x7f09a10c8400
