2015-11-17 13:02:33.778191 7f477cfd5700 10 filestore(/var/lib/ceph/osd/ceph-1) _do_op 0x7f478fa70f80 seq 4295 r = 0, finisher 0x7f478f304840 0
2015-11-17 13:02:33.778216 7f477cfd5700 10 filestore(/var/lib/ceph/osd/ceph-1) _finish_op 0x7f478fa70f80 seq 4295 osr(3.11 0x7f478fc6b450)/0x7f478fc6b450
2015-11-17 13:02:33.778243 7f477c7d4700 10 journal op_apply_start 4296 open_ops 0 -> 1
2015-11-17 13:02:33.778246 7f477c7d4700  5 filestore(/var/lib/ceph/osd/ceph-1) _do_op 0x7f47900ed6b0 seq 4296 osr(3.11 0x7f478fc6b450)/0x7f478fc6b450 start
2015-11-17 13:02:33.778247 7f477c7d4700 10 filestore(/var/lib/ceph/osd/ceph-1) _do_transaction on 0x7f4790c503b8
2015-11-17 13:02:33.778303 7f477c7d4700 15 filestore(/var/lib/ceph/osd/ceph-1) _omap_setkeys 3.11_head/11//head//3
2015-11-17 13:02:33.778336 7f477c7d4700 10 filestore oid: 11//head//3 not skipping op, *spos 4296.0.0
2015-11-17 13:02:33.778337 7f477c7d4700 10 filestore  > header.spos 0.0.0
2015-11-17 13:02:33.778367 7f477c7d4700 20 filestore(/var/lib/ceph/osd/ceph-1) _omap_setkeys 3.11_head/11//head//3 = 0
2015-11-17 13:02:33.778371 7f477c7d4700 15 filestore(/var/lib/ceph/osd/ceph-1) _omap_setkeys 3.11_head/11//head//3
2015-11-17 13:02:33.778380 7f477c7d4700 10 filestore oid: 11//head//3 not skipping op, *spos 4296.0.1
2015-11-17 13:02:33.778380 7f477c7d4700 10 filestore  > header.spos 0.0.0
2015-11-17 13:02:33.778401 7f477c7d4700 20 filestore(/var/lib/ceph/osd/ceph-1) _omap_setkeys 3.11_head/11//head//3 = 0
2015-11-17 13:02:33.778404 7f477c7d4700 15 filestore(/var/lib/ceph/osd/ceph-1) write 3.11_TEMP/0/temp_3.11_0_4115_1/head//-1 8388608~8388608
2015-11-17 13:02:33.781999 7f477c7d4700 10 filestore(/var/lib/ceph/osd/ceph-1) write 3.11_TEMP/0/temp_3.11_0_4115_1/head//-1 8388608~8388608 = 8388608
2015-11-17 13:02:33.782015 7f477c7d4700 10 journal op_apply_finish 4296 open_ops 1 -> 0, max_applied_seq 4295 -> 4296
2015-11-17 13:02:33.782016 7f477c7d4700 10 filestore(/var/lib/ceph/osd/ceph-1) _do_op 0x7f47900ed6b0 seq 4296 r = 0, finisher 0x7f478f72e5a0 0
2015-11-17 13:02:33.782091 7f477bfd3700 10 osd.1 pg_epoch: 27 pg[3.11( v 27'1 (0'0,27'1] local-les=27 n=1 ec=16 les/c 27/27 16/16/16) [2,1,0] r=1 lpr=27 luod=0'0 lua=0'0 crt=0'0 lcod 0'0 active] sub_op_modify_applied on 0x7f4790b7e3c0 op osd_repop(osd.2.0:5606 3.11 0/temp_3.11_0_4115_1/head//-1 v 0'0) v1
2015-11-17 13:02:33.782104 7f477bfd3700 10 osd.1 pg_epoch: 27 pg[3.11( v 27'1 (0'0,27'1] local-les=27 n=1 ec=16 les/c 27/27 16/16/16) [2,1,0] r=1 lpr=27 luod=0'0 lua=0'0 crt=0'0 lcod 0'0 active] op_applied version 0'0
2015-11-17 13:02:33.782187 7f477c7d4700 10 filestore(/var/lib/ceph/osd/ceph-1) _finish_op 0x7f47900ed6b0 seq 4296 osr(3.11 0x7f478fc6b450)/0x7f478fc6b450
2015-11-17 13:02:33.782202 7f477c7d4700 10 journal op_apply_start 4298 open_ops 0 -> 1
2015-11-17 13:02:33.782204 7f477c7d4700  5 filestore(/var/lib/ceph/osd/ceph-1) _do_op 0x7f47900ed660 seq 4298 osr(4.11 0x7f478fc6c2f0)/0x7f478fc6c2f0 start
2015-11-17 13:02:33.782206 7f477c7d4700 10 filestore(/var/lib/ceph/osd/ceph-1) _do_transaction on 0x7f478f977c38
2015-11-17 13:02:33.782216 7f477c7d4700 15 filestore(/var/lib/ceph/osd/ceph-1) _omap_setkeys 4.11_head/11//head//4
2015-11-17 13:02:33.782214 7f477bfd3700 10 osd.1 pg_epoch: 27 pg[3.11( v 27'1 (0'0,27'1] local-les=27 n=1 ec=16 les/c 27/27 16/16/16) [2,1,0] r=1 lpr=27 luod=0'0 lua=0'0 crt=0'0 lcod 0'0 active] sub_op_modify_applied on 0x7f4790c501c0 op osd_repop(osd.2.0:5607 3.11 0/temp_3.11_0_4115_1/head//-1 v 0'0) v1
2015-11-17 13:02:33.782220 7f477bfd3700 10 osd.1 pg_epoch: 27 pg[3.11( v 27'1 (0'0,27'1] local-les=27 n=1 ec=16 les/c 27/27 16/16/16) [2,1,0] r=1 lpr=27 luod=0'0 lua=0'0 crt=0'0 lcod 0'0 active] op_applied version 0'0
2015-11-17 13:02:33.782234 7f477cfd5700 10 journal op_apply_start 4297 open_ops 1 -> 2
2015-11-17 13:02:33.782244 7f477c7d4700 10 filestore oid: 11//head//4 not skipping op, *spos 4298.0.0
2015-11-17 13:02:33.782245 7f477c7d4700 10 filestore  > header.spos 0.0.0
2015-11-17 13:02:33.782235 7f477cfd5700  5 filestore(/var/lib/ceph/osd/ceph-1) _do_op 0x7f47900ed7a0 seq 4297 osr(3.11 0x7f478fc6b450)/0x7f478fc6b450 start
2015-11-17 13:02:33.782249 7f477cfd5700 10 filestore(/var/lib/ceph/osd/ceph-1) _do_transaction on 0x7f4790b81678
2015-11-17 13:02:33.782259 7f477cfd5700 15 filestore(/var/lib/ceph/osd/ceph-1) _omap_setkeys 3.11_head/11//head//3
2015-11-17 13:02:33.782277 7f477c7d4700 20 filestore(/var/lib/ceph/osd/ceph-1) _omap_setkeys 4.11_head/11//head//4 = 0
2015-11-17 13:02:33.782281 7f477c7d4700 15 filestore(/var/lib/ceph/osd/ceph-1) _omap_setkeys 4.11_head/11//head//4
2015-11-17 13:02:33.782283 7f477cfd5700 10 filestore oid: 11//head//3 not skipping op, *spos 4297.0.0
2015-11-17 13:02:33.782284 7f477cfd5700 10 filestore  > header.spos 0.0.0
2015-11-17 13:02:33.782290 7f477c7d4700 10 filestore oid: 11//head//4 not skipping op, *spos 4298.0.1
2015-11-17 13:02:33.782291 7f477c7d4700 10 filestore  > header.spos 0.0.0
2015-11-17 13:02:33.782313 7f477cfd5700 20 filestore(/var/lib/ceph/osd/ceph-1) _omap_setkeys 3.11_head/11//head//3 = 0
2015-11-17 13:02:33.782317 7f477cfd5700 15 filestore(/var/lib/ceph/osd/ceph-1) _omap_setkeys 3.11_head/11//head//3
2015-11-17 13:02:33.782327 7f477cfd5700 10 filestore oid: 11//head//3 not skipping op, *spos 4297.0.1
2015-11-17 13:02:33.782328 7f477cfd5700 10 filestore  > header.spos 0.0.0
2015-11-17 13:02:33.782820 7f477c7d4700 20 filestore(/var/lib/ceph/osd/ceph-1) _omap_setkeys 4.11_head/11//head//4 = 0
2015-11-17 13:02:33.782830 7f477c7d4700 15 filestore(/var/lib/ceph/osd/ceph-1) _omap_setkeys 4.11_head/11//head//4
2015-11-17 13:02:33.782854 7f477c7d4700 10 filestore oid: 11//head//4 not skipping op, *spos 4298.0.2
2015-11-17 13:02:33.782855 7f477c7d4700 10 filestore  > header.spos 0.0.0
2015-11-17 13:02:33.782865 7f477cfd5700 20 filestore(/var/lib/ceph/osd/ceph-1) _omap_setkeys 3.11_head/11//head//3 = 0
2015-11-17 13:02:33.782873 7f477c7d4700 20 filestore(/var/lib/ceph/osd/ceph-1) _omap_setkeys 4.11_head/11//head//4 = 0
2015-11-17 13:02:33.782873 7f477cfd5700 15 filestore(/var/lib/ceph/osd/ceph-1) _omap_setkeys 3.11_head/11//head//3
2015-11-17 13:02:33.782889 7f477cfd5700 10 filestore oid: 11//head//3 not skipping op, *spos 4297.0.2
2015-11-17 13:02:33.782889 7f477c7d4700 20 filestore(/var/lib/ceph/osd/ceph-1) fgetattrs 89 getting '_'
2015-11-17 13:02:33.782890 7f477cfd5700 10 filestore  > header.spos 0.0.0
2015-11-17 13:02:33.782893 7f477c7d4700 20 filestore(/var/lib/ceph/osd/ceph-1) fgetattrs 89 getting 'snapset'
2015-11-17 13:02:33.782896 7f477c7d4700 15 filestore(/var/lib/ceph/osd/ceph-1) setattrs 4.11_head/a8f50a91/t12.dat/head//4
2015-11-17 13:02:33.782909 7f477c7d4700 10 filestore(/var/lib/ceph/osd/ceph-1) setattrs 4.11_head/a8f50a91/t12.dat/head//4 = 0
2015-11-17 13:02:33.782911 7f477cfd5700 20 filestore(/var/lib/ceph/osd/ceph-1) _omap_setkeys 3.11_head/11//head//3 = 0
2015-11-17 13:02:33.782915 7f477c7d4700 20 filestore(/var/lib/ceph/osd/ceph-1) fgetattrs 89 getting '_'
2015-11-17 13:02:33.782918 7f477c7d4700 20 filestore(/var/lib/ceph/osd/ceph-1) fgetattrs 89 getting 'snapset'
2015-11-17 13:02:33.782919 7f477c7d4700 15 filestore(/var/lib/ceph/osd/ceph-1) setattrs 4.11_head/a8f50a91/t12.dat/head//4
2015-11-17 13:02:33.782921 7f477cfd5700 15 filestore(/var/lib/ceph/osd/ceph-1) _collection_move_rename 3.11_head/a8f50a91/t12.dat/head//3 from 3.11_TEMP/0/temp_3.11_0_4115_1/head//-1
2015-11-17 13:02:33.782925 7f477c7d4700 10 filestore(/var/lib/ceph/osd/ceph-1) setattrs 4.11_head/a8f50a91/t12.dat/head//4 = 0
2015-11-17 13:02:33.782927 7f477c7d4700 10 journal op_apply_finish 4298 open_ops 2 -> 1, max_applied_seq 4296 -> 4298
2015-11-17 13:02:33.782928 7f477c7d4700 10 filestore(/var/lib/ceph/osd/ceph-1) _do_op 0x7f47900ed660 seq 4298 r = 0, finisher 0x7f478e9ddf80 0
2015-11-17 13:02:33.782928 7f477cfd5700 10 filestore(/var/lib/ceph/osd/ceph-1) _set_replay_guard 4297.0.3 START
2015-11-17 13:02:33.782930 7f477c7d4700 10 filestore(/var/lib/ceph/osd/ceph-1) _finish_op 0x7f47900ed660 seq 4298 osr(4.11 0x7f478fc6c2f0)/0x7f478fc6c2f0
2015-11-17 13:02:33.782981 7f477bfd3700 10 osd.1 pg_epoch: 27 pg[4.11( v 27'7 (0'0,27'7] local-les=27 n=2 ec=17 les/c 27/27 17/17/17) [2,0,1] r=2 lpr=27 luod=0'0 lua=27'6 crt=27'5 lcod 27'6 active] sub_op_modify_applied on 0x7f478f977a40 op osd_repop(osd.2.0:5609 4.11 a8f50a91/t12.dat/head//4 v 27'7) v1
2015-11-17 13:02:33.782989 7f477bfd3700 10 osd.1 pg_epoch: 27 pg[4.11( v 27'7 (0'0,27'7] local-les=27 n=2 ec=17 les/c 27/27 17/17/17) [2,0,1] r=2 lpr=27 luod=0'0 lua=27'6 crt=27'5 lcod 27'6 active] op_applied version 27'7
2015-11-17 13:02:34.525567 7f477cfd5700 20 filestore dbobjectmap: seq is 321
